[2026-05-30 14:29:21,134] Pavithras-MacBook-Pro/INFO/locust.main: Starting Locust 2.43.4
[2026-05-30 14:29:21,139] Pavithras-MacBook-Pro/INFO/locust.runners: Shape test starting.
[2026-05-30 14:29:21,139] Pavithras-MacBook-Pro/INFO/locust.runners: Shape worker starting
[2026-05-30 14:29:21,139] Pavithras-MacBook-Pro/INFO/locust.runners: Shape test updating to 100 users at 25.00 spawn rate
[2026-05-30 14:29:21,140] Pavithras-MacBook-Pro/INFO/locust.runners: Ramping to 100 users at a rate of 25.00 per second
[2026-05-30 14:29:24,165] Pavithras-MacBook-Pro/INFO/locust.runners: All users spawned: {"FlightSearchUser": 100} (100 total users)
[2026-05-30 14:31:21,635] Pavithras-MacBook-Pro/INFO/locust.runners: Shape test updating to 250 users at 25.00 spawn rate
[2026-05-30 14:31:21,639] Pavithras-MacBook-Pro/INFO/locust.runners: Ramping to 250 users at a rate of 25.00 per second
[2026-05-30 14:31:26,662] Pavithras-MacBook-Pro/INFO/locust.runners: All users spawned: {"FlightSearchUser": 250} (250 total users)
[2026-05-30 14:33:21,237] Pavithras-MacBook-Pro/INFO/locust.runners: Shape test updating to 500 users at 25.00 spawn rate
[2026-05-30 14:33:21,239] Pavithras-MacBook-Pro/INFO/locust.runners: Ramping to 500 users at a rate of 25.00 per second
[2026-05-30 14:33:30,289] Pavithras-MacBook-Pro/INFO/locust.runners: All users spawned: {"FlightSearchUser": 500} (500 total users)
[2026-05-30 14:35:21,961] Pavithras-MacBook-Pro/INFO/locust.runners: Shape test updating to 1000 users at 50.00 spawn rate
[2026-05-30 14:35:21,962] Pavithras-MacBook-Pro/INFO/locust.runners: Ramping to 1000 users at a rate of 50.00 per second
[2026-05-30 14:35:31,018] Pavithras-MacBook-Pro/INFO/locust.runners: All users spawned: {"FlightSearchUser": 1000} (1000 total users)
[2026-05-30 14:37:21,773] Pavithras-MacBook-Pro/INFO/locust.runners: Shape test updating to 2000 users at 50.00 spawn rate
[2026-05-30 14:37:21,854] Pavithras-MacBook-Pro/INFO/locust.runners: Ramping to 2000 users at a rate of 50.00 per second
[2026-05-30 14:37:40,942] Pavithras-MacBook-Pro/INFO/locust.runners: All users spawned: {"FlightSearchUser": 2000} (2000 total users)
[2026-05-30 14:39:21,673] Pavithras-MacBook-Pro/INFO/locust.runners: Shape test stopping
[2026-05-30 14:39:22,270] Pavithras-MacBook-Pro/INFO/locust.main: Shape test completed, shutting down
[2026-05-30 14:39:22,329] Pavithras-MacBook-Pro/INFO/locust.main: writing html report to file: reports/load/stress.html
[2026-05-30 14:39:22,330] Pavithras-MacBook-Pro/INFO/locust.main: Shutting down (exit code 1)
Type     Name                                                                          # reqs      # fails |    Avg     Min     Max    Med |   req/s  failures/s
--------|----------------------------------------------------------------------------|-------|-------------|-------|-------|-------|-------|--------|-----------
GET      /api/v1/flights (all)                                                           3061  493(16.11%) |  14888     248  181564  11000 |    5.09        0.82
GET      /api/v1/flights (seed lookup)                                                   1608  215(13.37%) |  13672     249  157215  11000 |    2.68        0.36
GET      /api/v1/flights?origin&destination                                              7820 1212(15.50%) |  14365     220  155620  11000 |   13.01        2.02
GET      /api/v1/flights?origin&destination&date                                         4841  761(15.72%) |  14018     243  201814  11000 |    8.06        1.27
GET      /api/v1/flights?origin&destination&max_price                                    3151  480(15.23%) |  14311     244  121105  11000 |    5.24        0.80
GET      /health (gateway)                                                               1572    36(2.29%) |   3744     223  218075    490 |    2.62        0.06
--------|----------------------------------------------------------------------------|-------|-------------|-------|-------|-------|-------|--------|-----------
         Aggregated                                                                     22053 3197(14.50%) |  13546     220  218075  10000 |   36.70        5.32

Response time percentiles (approximated)
Type     Name                                                                                  50%    66%    75%    80%    90%    95%    98%    99%  99.9% 99.99%   100% # reqs
--------|--------------------------------------------------------------------------------|--------|------|------|------|------|------|------|------|------|------|------|------
GET      /api/v1/flights (all)                                                               11000  14000  18000  27000  30000  35000  61000  84000 115000 182000 182000   3061
GET      /api/v1/flights (seed lookup)                                                       11000  13000  15000  18000  29000  34000  55000  72000 108000 157000 157000   1608
GET      /api/v1/flights?origin&destination                                                  11000  14000  16000  22000  29000  35000  55000  75000 116000 156000 156000   7820
GET      /api/v1/flights?origin&destination&date                                             11000  14000  16000  21000  29000  33000  51000  72000 132000 202000 202000   4841
GET      /api/v1/flights?origin&destination&max_price                                        11000  14000  16000  22000  29000  33000  55000  73000 107000 121000 121000   3151
GET      /health (gateway)                                                                     490    630    940   1200   4000  20000  58000  75000 108000 218000 218000   1572
--------|--------------------------------------------------------------------------------|--------|------|------|------|------|------|------|------|------|------|------|------
         Aggregated                                                                          10000  14000  16000  20000  29000  34000  55000  75000 112000 189000 218000  22053

Error report
# occurrences      Error                                                                                               
------------------|---------------------------------------------------------------------------------------------------------------------------------------------
36                 GET /api/v1/flights?origin&destination&date: HTTPError('502 Server Error: Bad Gateway for url: /api/v1/flights?origin&destination&date')
35                 GET /api/v1/flights?origin&destination: HTTPError('502 Server Error: Bad Gateway for url: /api/v1/flights?origin&destination')
14                 GET /api/v1/flights?origin&destination&max_price: HTTPError('502 Server Error: Bad Gateway for url: /api/v1/flights?origin&destination&max_price')
16                 GET /api/v1/flights (all): HTTPError('502 Server Error: Bad Gateway for url: /api/v1/flights (all)')
611                GET /api/v1/flights?origin&destination&date: HTTPError('503 Server Error: Service Unavailable for url: /api/v1/flights?origin&destination&date')
999                GET /api/v1/flights?origin&destination: HTTPError('503 Server Error: Service Unavailable for url: /api/v1/flights?origin&destination')
399                GET /api/v1/flights?origin&destination&max_price: HTTPError('503 Server Error: Service Unavailable for url: /api/v1/flights?origin&destination&max_price')
176                GET /api/v1/flights (seed lookup): HTTPError('503 Server Error: Service Unavailable for url: /api/v1/flights (seed lookup)')
414                GET /api/v1/flights (all): HTTPError('503 Server Error: Service Unavailable for url: /api/v1/flights (all)')
4                  GET /api/v1/flights (seed lookup): HTTPError('502 Server Error: Bad Gateway for url: /api/v1/flights (seed lookup)')
59                 GET /api/v1/flights?origin&destination: RemoteDisconnected('Remote end closed connection without response')
33                 GET /api/v1/flights?origin&destination&date: RemoteDisconnected('Remote end closed connection without response')
9                  GET /api/v1/flights (all): SSLError(SSLEOFError(8, '[SSL: UNEXPECTED_EOF_WHILE_READING] EOF occurred in violation of protocol (_ssl.c:1017)'))
32                 GET /api/v1/flights?origin&destination: SSLError(SSLEOFError(8, '[SSL: UNEXPECTED_EOF_WHILE_READING] EOF occurred in violation of protocol (_ssl.c:1017)'))
9                  GET /api/v1/flights (seed lookup): RemoteDisconnected('Remote end closed connection without response')
30                 GET /api/v1/flights (all): RemoteDisconnected('Remote end closed connection without response')      
56                 GET /api/v1/flights?origin&destination: ConnectionResetError(54, 'Connection reset by peer')        
20                 GET /api/v1/flights (all): ConnectionResetError(54, 'Connection reset by peer')                     
21                 GET /api/v1/flights?origin&destination&date: SSLError(SSLZeroReturnError(6, 'TLS/SSL connection has been closed (EOF) (_ssl.c:1017)'))
16                 GET /api/v1/flights?origin&destination&max_price: SSLError(SSLZeroReturnError(6, 'TLS/SSL connection has been closed (EOF) (_ssl.c:1017)'))
15                 GET /health (gateway): RemoteDisconnected('Remote end closed connection without response')          
20                 GET /api/v1/flights?origin&destination&date: SSLError(SSLEOFError(8, '[SSL: UNEXPECTED_EOF_WHILE_READING] EOF occurred in violation of protocol (_ssl.c:1017)'))
24                 GET /api/v1/flights?origin&destination&max_price: RemoteDisconnected('Remote end closed connection without response')
4                  GET /health (gateway): SSLError(SSLZeroReturnError(6, 'TLS/SSL connection has been closed (EOF) (_ssl.c:1017)'))
40                 GET /api/v1/flights?origin&destination&date: ConnectionResetError(54, 'Connection reset by peer')   
31                 GET /api/v1/flights?origin&destination: SSLError(SSLZeroReturnError(6, 'TLS/SSL connection has been closed (EOF) (_ssl.c:1017)'))
12                 GET /api/v1/flights?origin&destination&max_price: SSLError(SSLEOFError(8, '[SSL: UNEXPECTED_EOF_WHILE_READING] EOF occurred in violation of protocol (_ssl.c:1017)'))
10                 GET /health (gateway): SSLError(SSLEOFError(8, '[SSL: UNEXPECTED_EOF_WHILE_READING] EOF occurred in violation of protocol (_ssl.c:1017)'))
7                  GET /api/v1/flights (seed lookup): SSLError(SSLEOFError(8, '[SSL: UNEXPECTED_EOF_WHILE_READING] EOF occurred in violation of protocol (_ssl.c:1017)'))
14                 GET /api/v1/flights (seed lookup): ConnectionResetError(54, 'Connection reset by peer')             
7                  GET /health (gateway): ConnectionResetError(54, 'Connection reset by peer')                         
15                 GET /api/v1/flights?origin&destination&max_price: ConnectionResetError(54, 'Connection reset by peer')
5                  GET /api/v1/flights (seed lookup): SSLError(SSLZeroReturnError(6, 'TLS/SSL connection has been closed (EOF) (_ssl.c:1017)'))
4                  GET /api/v1/flights (all): SSLError(SSLZeroReturnError(6, 'TLS/SSL connection has been closed (EOF) (_ssl.c:1017)'))
------------------|---------------------------------------------------------------------------------------------------------------------------------------------

